---
source: src/rules/rename_variables/mod.rs
expression: "RenameVariables::new(empty())"
---
{
  "rule": "rename_variables",
  "globals": []
}
