---
source: src/rules/method_def.rs
expression: new_rule()
---
"remove_method_definition"
