---
source: src/nodes/expressions/mod.rs
expression: "Expression::from(123.0)"
---
Number(
    Decimal(
        DecimalNumber {
            float: 123.0,
            exponent: None,
        },
    ),
)
