---
source: src/nodes/expressions/mod.rs
expression: "Expression::from(-1.0 / 0.0).to_lua_string()"
---
-1/0
