---
source: src/nodes/expressions/mod.rs
expression: "Expression::from(0.5).to_lua_string()"
---
0.5
