---
source: src/nodes/expressions/mod.rs
expression: "Expression::from(1.2345e-50).to_lua_string()"
---
1.2345E-50
