---
source: src/nodes/expressions/mod.rs
expression: "Expression::from(0.005).to_lua_string()"
---
5E-3
