---
source: src/nodes/expressions/mod.rs
expression: "Expression::from(100.25)"
---
Number(
    Decimal(
        DecimalNumber {
            float: 100.25,
            exponent: None,
        },
    ),
)
