---
source: src/nodes/expressions/mod.rs
expression: "Expression::from(1.0)"
---
Number(
    Decimal(
        DecimalNumber {
            float: 1.0,
            exponent: None,
        },
    ),
)
