---
source: src/nodes/expressions/mod.rs
expression: "Expression::from(1.2345e50).to_lua_string()"
---
12345E46
