---
source: src/nodes/expressions/mod.rs
expression: "Expression::from(2000.05)"
---
Number(
    Decimal(
        DecimalNumber {
            float: 2000.05,
            exponent: None,
        },
    ),
)
