---
source: src/nodes/expressions/mod.rs
expression: "Expression::from(1.2345e-50)"
---
Number(
    Decimal(
        DecimalNumber {
            float: 1.2345,
            exponent: Some(
                (
                    -50,
                    true,
                ),
            ),
        },
    ),
)
