---
source: src/nodes/expressions/binary.rs
expression: expression.to_lua_string()
---
true and false
