---
source: tests/cli.rs
expression: content
---
darklua 0.8.0
Transform Lua scripts

USAGE:
    darklua [FLAGS] <SUBCOMMAND>

FLAGS:
    -h, --help       Prints help information
    -V, --version    Prints version information
    -v, --verbose    Sets verbosity level (can be specified multiple times)

SUBCOMMANDS:
    help       Prints this message or the help of the given subcommand(s)
    minify     Minify lua files
    process    Process lua files with rules

