---
source: tests/cli.rs
expression: content
---
Successfully processed 1 file (in {{DURATION}})

 INFO > Using default configuration

