---
source: tests/cli.rs
expression: content
---
Successfully minified 1 file

